################################################################################
#                                                                              #
#      IAR Universal Linker V6.4.3.84                                          #
#                                                                              #
#           Link time     =  02/Sep/2019  11:39:44                             #
#           Target CPU    =  MSP430                                            #
#           List file     =  Z:\gdkyWork\soft\GSWCJ2019\projects\IAR-430(V6.4) #
#                            \Debug\List\project.map                           #
#           Output file 1 =  Z:\gdkyWork\soft\GSWCJ2019\projects\IAR-430(V6.4) #
#                            \Debug\Exe\project.d43                            #
#                            Format: ubrof10                                   #
#                            UBROF version 10.0.6                              #
#                            Using library modules for C-SPY (-rt)             #
#           Command line  =  Z:\gdkyWork\soft\GSWCJ2019\projects\IAR-430(V6.4) #
#                            \Debug\Obj\analogio.r43                           #
#                            Z:\gdkyWork\soft\GSWCJ2019\projects\IAR-430(V6.4) #
#                            \Debug\Obj\app.r43                                #
#                            Z:\gdkyWork\soft\GSWCJ2019\projects\IAR-430(V6.4) #
#                            \Debug\Obj\bsp.r43                                #
#                            Z:\gdkyWork\soft\GSWCJ2019\projects\IAR-430(V6.4) #
#                            \Debug\Obj\cld1712syu.r43                         #
#                            Z:\gdkyWork\soft\GSWCJ2019\projects\IAR-430(V6.4) #
#                            \Debug\Obj\digitio.r43                            #
#                            Z:\gdkyWork\soft\GSWCJ2019\projects\IAR-430(V6.4) #
#                            \Debug\Obj\elog.r43                               #
#                            Z:\gdkyWork\soft\GSWCJ2019\projects\IAR-430(V6.4) #
#                            \Debug\Obj\elog_async.r43                         #
#                            Z:\gdkyWork\soft\GSWCJ2019\projects\IAR-430(V6.4) #
#                            \Debug\Obj\elog_buf.r43                           #
#                            Z:\gdkyWork\soft\GSWCJ2019\projects\IAR-430(V6.4) #
#                            \Debug\Obj\elog_utils.r43                         #
#                            Z:\gdkyWork\soft\GSWCJ2019\projects\IAR-430(V6.4) #
#                            \Debug\Obj\flash.r43                              #
#                            Z:\gdkyWork\soft\GSWCJ2019\projects\IAR-430(V6.4) #
#                            \Debug\Obj\fm24clxx.r43                           #
#                            Z:\gdkyWork\soft\GSWCJ2019\projects\IAR-430(V6.4) #
#                            \Debug\Obj\HDC1080.r43                            #
#                            Z:\gdkyWork\soft\GSWCJ2019\projects\IAR-430(V6.4) #
#                            \Debug\Obj\key.r43                                #
#                            Z:\gdkyWork\soft\GSWCJ2019\projects\IAR-430(V6.4) #
#                            \Debug\Obj\lcd.r43                                #
#                            Z:\gdkyWork\soft\GSWCJ2019\projects\IAR-430(V6.4) #
#                            \Debug\Obj\libcheck.r43                           #
#                            Z:\gdkyWork\soft\GSWCJ2019\projects\IAR-430(V6.4) #
#                            \Debug\Obj\libmisc.r43                            #
#                            Z:\gdkyWork\soft\GSWCJ2019\projects\IAR-430(V6.4) #
#                            \Debug\Obj\libstdc.r43                            #
#                            Z:\gdkyWork\soft\GSWCJ2019\projects\IAR-430(V6.4) #
#                            \Debug\Obj\main.r43                               #
#                            Z:\gdkyWork\soft\GSWCJ2019\projects\IAR-430(V6.4) #
#                            \Debug\Obj\nb.r43                                 #
#                            Z:\gdkyWork\soft\GSWCJ2019\projects\IAR-430(V6.4) #
#                            \Debug\Obj\nb_app.r43                             #
#                            Z:\gdkyWork\soft\GSWCJ2019\projects\IAR-430(V6.4) #
#                            \Debug\Obj\nb_buffer.r43                          #
#                            Z:\gdkyWork\soft\GSWCJ2019\projects\IAR-430(V6.4) #
#                            \Debug\Obj\nb_hw_msp430x44x.r43                   #
#                            Z:\gdkyWork\soft\GSWCJ2019\projects\IAR-430(V6.4) #
#                            \Debug\Obj\nb_os_empty.r43                        #
#                            Z:\gdkyWork\soft\GSWCJ2019\projects\IAR-430(V6.4) #
#                            \Debug\Obj\nb_parser.r43                          #
#                            Z:\gdkyWork\soft\GSWCJ2019\projects\IAR-430(V6.4) #
#                            \Debug\Obj\nb_threads.r43                         #
#                            Z:\gdkyWork\soft\GSWCJ2019\projects\IAR-430(V6.4) #
#                            \Debug\Obj\paramConfig.r43                        #
#                            Z:\gdkyWork\soft\GSWCJ2019\projects\IAR-430(V6.4) #
#                            \Debug\Obj\PowerManage.r43                        #
#                            Z:\gdkyWork\soft\GSWCJ2019\projects\IAR-430(V6.4) #
#                            \Debug\Obj\record.r43                             #
#                            Z:\gdkyWork\soft\GSWCJ2019\projects\IAR-430(V6.4) #
#                            \Debug\Obj\record_app.r43                         #
#                            Z:\gdkyWork\soft\GSWCJ2019\projects\IAR-430(V6.4) #
#                            \Debug\Obj\record_hw.r43                          #
#                            Z:\gdkyWork\soft\GSWCJ2019\projects\IAR-430(V6.4) #
#                            \Debug\Obj\record_tbl.r43                         #
#                            Z:\gdkyWork\soft\GSWCJ2019\projects\IAR-430(V6.4) #
#                            \Debug\Obj\system_msp430x44x.r43                  #
#                            Z:\gdkyWork\soft\GSWCJ2019\projects\IAR-430(V6.4) #
#                            \Debug\Obj\systick.r43                            #
#                            Z:\gdkyWork\soft\GSWCJ2019\projects\IAR-430(V6.4) #
#                            \Debug\Obj\systime.r43                            #
#                            Z:\gdkyWork\soft\GSWCJ2019\projects\IAR-430(V6.4) #
#                            \Debug\Obj\TemperatureMeasure.r43                 #
#                            Z:\gdkyWork\soft\GSWCJ2019\projects\IAR-430(V6.4) #
#                            \Debug\Obj\usart0.r43                             #
#                            Z:\gdkyWork\soft\GSWCJ2019\projects\IAR-430(V6.4) #
#                            \Debug\Obj\usart1.r43                             #
#                            -o                                                #
#                            Z:\gdkyWork\soft\GSWCJ2019\projects\IAR-430(V6.4) #
#                            \Debug\Exe\project.d43                            #
#                            -l                                                #
#                            Z:\gdkyWork\soft\GSWCJ2019\projects\IAR-430(V6.4) #
#                            \Debug\List\project.map                           #
#                            -xms                                              #
#                            "-IC:\Program Files (x86)\IAR Systems\Embedded Wo #
#                            rkbench 7.3\430\LIB\"                             #
#                            -f                                                #
#                            "C:\Program Files (x86)\IAR Systems\Embedded Work #
#                            bench 7.3\430\config\linker\lnk430f448.xcl"       #
#                            (-cmsp430 -QCODE_I=CODE_ID -QTLS16_I=TLS16_ID     #
#                            -D__iar_HWMUL=130 -Z(CONST)INFO=1000-10FF         #
#                            -Z(CONST)INFOA=1080-10FF                          #
#                            -Z(CONST)INFOB=1000-107F                          #
#                            -Z(DATA)DATA16_I,DATA16_Z,DATA16_N,TLS16_I=0200-0 #
#                            9FF                                               #
#                            -Z(DATA)DATA16_HEAP+_DATA16_HEAP_SIZE             #
#                            -Z(DATA)CODE_I -Z(DATA)CSTACK+_STACK_SIZE#        #
#                            -Z(CONST)DATA16_C,DATA16_ID,TLS16_ID,DIFUNCT,CHEC #
#                            KSUM=4000-FFDF                                    #
#                            -Z(CODE)CSTART,ISR_CODE,CODE_ID=4000-FFDF         #
#                            -P(CODE)CODE=4000-FFDF -Z(CODE)INTVEC=FFE0-FFFF   #
#                            -Z(CODE)RESET=FFFE-FFFF) -f                       #
#                            "C:\Program Files (x86)\IAR Systems\Embedded Work #
#                            bench 7.3\430\config\linker\multiplier.xcl"       #
#                            (-e?Mul8Hw=?Mul8 -e?Mul16Hw=?Mul16                #
#                            -e?Mul16to32uHw=?Mul16to32u                       #
#                            -e?Mul16to32sHw=?Mul16to32s -e?Mul32Hw=?Mul32     #
#                            -e_Mul64iHw=_Mul64i                               #
#                            -e_Mul32u32uto64iHw=_Mul32u32uto64i               #
#                            -e?Mul32fHw=_Mul32f -e_Mul64fHwPtr=_Mul64fPtr)    #
#                            -D_STACK_SIZE=50 -rt                              #
#                            "C:\Program Files (x86)\IAR Systems\Embedded Work #
#                            bench 7.3\430\lib\dlib\dl430fn.r43"               #
#                            -D_DATA16_HEAP_SIZE=50 -s __program_start         #
#                            -D_DATA20_HEAP_SIZE=50                            #
#                                                                              #
#                           Copyright (C) 1987-2016 IAR Systems AB.            #
################################################################################





                ****************************************
                *                                      *
                *           CROSS REFERENCE            *
                *                                      *
                ****************************************

       Program entry at :           4692  Relocatable, from module : ?cstart




                ****************************************
                *                                      *
                *            RUNTIME MODEL             *
                *                                      *
                ****************************************

  __Heap_Handler             = Basic
  __SystemLibrary            = DLib
  __core                     = 430
  __dlib_file_descriptor     = 0
  __dlib_full_locale_support = 0
  __double_size              = 32
  __pic                      = no
  __reg_r4                   = free
  __reg_r5                   = free
  __rt_version               = 3

                ****************************************
                *                                      *
                *    AUTOMATIC SYMBOL REDIRECTIONS     *
                *                                      *
                ****************************************

       All references to: _Printf
         were redirected to: _PrintfFullNoMb



                ****************************************
                *                                      *
                *              MODULE MAP              *
                *                                      *
                ****************************************


  DEFINED ABSOLUTE ENTRIES
    *************************************************************************

  DEFINED ABSOLUTE ENTRIES
  PROGRAM MODULE, NAME : ?ABS_ENTRY_MOD

Absolute parts
           ENTRY                   ADDRESS         REF BY
           =====                   =======         ======
           _DATA20_HEAP_SIZE       0050 
           _DATA16_HEAP_SIZE       0050 
           _STACK_SIZE             0050 
           __iar_HWMUL             0130            ?Mul16to32sHw (?Mul16to32sHw)
                                                   ?Mul32Hw (?Mul32Hw)
                                                   ?Mul32fHw (?Mul32fHw)
                                                   AIO_GetInVoltage (analogio)
                                                   Hdc1080_UpdateTemperature (HDC1080)
                                                   Param_DNDATIM (paramConfig)
                                                   Param_TXTIME (paramConfig)
                                                   Record_Init (record)
                                                   SysMakeSecond (systime)
                                                   USART0_SetParam (usart0)
                                                   USART1SetParam (usart1)
    *************************************************************************

  FILE NAME : Z:\gdkyWork\soft\GSWCJ2019\projects\IAR-430(V6.4)\Debug\Obj\analogio.r43
  PROGRAM MODULE, NAME : analogio

  SEGMENTS IN THE MODULE
  ======================
DATA16_AN
  Relative segment, address: 0036 - 0036 (0x1 bytes), align: 0
  Segment part 1. ROOT        Intra module refs:   AIN_PORT_PIN
                                                   DOUT_PORT_PIN (digitio)
                                                   nbHWInit (nb_hw_msp430x44x)
           ENTRY                   ADDRESS         REF BY
           =====                   =======         ======
           _A_P6DIR                0036 
           LOCAL                   ADDRESS         
           =====                   =======         
           P6DIR                   0036 
           P6DIR_bit               0036 
    -------------------------------------------------------------------------
DATA16_AN
  Relative segment, address: 0037 - 0037 (0x1 bytes), align: 0
  Segment part 2. ROOT        Intra module refs:   AIN_PORT_PIN
                                                   DOUT_PORT_PIN (digitio)
           ENTRY                   ADDRESS         REF BY
           =====                   =======         ======
           _A_P6SEL                0037 
           LOCAL                   ADDRESS         
           =====                   =======         
           P6SEL                   0037 
           P6SEL_bit               0037 
    -------------------------------------------------------------------------
DATA16_AN
  Relative segment, address: 01A0 - 01A1 (0x2 bytes), align: 0
  Segment part 3. ROOT        Intra module refs:   AIO_InLowLevelInit
                                                   AIO_InOnOff
           ENTRY                   ADDRESS         REF BY
           =====                   =======         ======
           _A_ADC12CTL0            01A0 
           LOCAL                   ADDRESS         
           =====                   =======         
           ADC12CTL0               01A0 
           ADC12CTL0_bit           01A0 
    -------------------------------------------------------------------------
DATA16_AN
  Relative segment, address: 01A2 - 01A3 (0x2 bytes), align: 0
  Segment part 4. ROOT        Intra module refs:   AIO_InLowLevelInit
           ENTRY                   ADDRESS         REF BY
           =====                   =======         ======
           _A_ADC12CTL1            01A2 
           LOCAL                   ADDRESS         
           =====                   =======         
           ADC12CTL1               01A2 
           ADC12CTL1_bit           01A2 
    -------------------------------------------------------------------------
DATA16_AN
  Relative segment, address: 01A4 - 01A5 (0x2 bytes), align: 0
  Segment part 5. ROOT        Intra module refs:   ADC12_IRQHandler
                                                   AIO_InLowLevelInit
           ENTRY                   ADDRESS         REF BY
           =====                   =======         ======
           ADC12IFG                01A4 
    -------------------------------------------------------------------------
DATA16_AN
  Relative segment, address: 01A6 - 01A7 (0x2 bytes), align: 0
  Segment part 6. ROOT        Intra module refs:   AIO_InLowLevelInit
           ENTRY                   ADDRESS         REF BY
           =====                   =======         ======
           ADC12IE                 01A6 
    -------------------------------------------------------------------------
DATA16_AN
  Relative segment, address: 01A8 - 01A9 (0x2 bytes), align: 0
  Segment part 7. ROOT        Intra module refs:   ADC12_IRQHandler
           ENTRY                   ADDRESS         REF BY
           =====                   =======         ======
           ADC12IV                 01A8 
    -------------------------------------------------------------------------
DATA16_AN
  Relative segment, address: 0140 - 0141 (0x2 bytes), align: 0
  Segment part 8. ROOT        Intra module refs:   ADC12_IRQHandler
           ENTRY                   ADDRESS         REF BY
           =====                   =======         ======
           ADC12MEM0               0140 
    -------------------------------------------------------------------------
DATA16_AN
  Relative segment, address: 0142 - 0143 (0x2 bytes), align: 0
  Segment part 9. ROOT        Intra module refs:   ADC12_IRQHandler
           ENTRY                   ADDRESS         REF BY
           =====                   =======         ======
           ADC12MEM1               0142 
    -------------------------------------------------------------------------
DATA16_AN
  Relative segment, address: 0144 - 0145 (0x2 bytes), align: 0
  Segment part 10. ROOT       Intra module refs:   ADC12_IRQHandler
           ENTRY                   ADDRESS         REF BY
           =====                   =======         ======
           ADC12MEM2               0144 
    -------------------------------------------------------------------------
DATA16_AN
  Relative segment, address: 0146 - 0147 (0x2 bytes), align: 0
  Segment part 11. ROOT       Intra module refs:   ADC12_IRQHandler
           ENTRY                   ADDRESS         REF BY
           =====                   =======         ======
           ADC12MEM3               0146 
    -------------------------------------------------------------------------
DATA16_AN
  Relative segment, address: 0148 - 0149 (0x2 bytes), align: 0
  Segment part 12. ROOT       Intra module refs:   ADC12_IRQHandler
           ENTRY                   ADDRESS         REF BY
           =====                   =======         ======
           ADC12MEM4               0148 
    -------------------------------------------------------------------------
DATA16_AN
  Relative segment, address: 014A - 014B (0x2 bytes), align: 0
  Segment part 13. ROOT       Intra module refs:   ADC12_IRQHandler
           ENTRY                   ADDRESS         REF BY
           =====                   =======         ======
           ADC12MEM5               014A 
    -------------------------------------------------------------------------
DATA16_AN
  Relative segment, address: 014C - 014D (0x2 bytes), align: 0
  Segment part 14. ROOT       Intra module refs:   ADC12_IRQHandler
           ENTRY                   ADDRESS         REF BY
           =====                   =======         ======
           ADC12MEM6               014C 
    -------------------------------------------------------------------------
DATA16_AN
  Relative segment, address: 014E - 014F (0x2 bytes), align: 0
  Segment part 15. ROOT       Intra module refs:   ADC12_IRQHandler
           ENTRY                   ADDRESS         REF BY
           =====                   =======         ======
           ADC12MEM7               014E 
    -------------------------------------------------------------------------
DATA16_AN
  Relative segment, address: 0150 - 0151 (0x2 bytes), align: 0
  Segment part 16. ROOT       Intra module refs:   ADC12_IRQHandler
           ENTRY                   ADDRESS         REF BY
           =====                   =======         ======
           ADC12MEM8               0150 
    -------------------------------------------------------------------------
DATA16_AN
  Relative segment, address: 0152 - 0153 (0x2 bytes), align: 0
  Segment part 17. ROOT       Intra module refs:   ADC12_IRQHandler
           ENTRY                   ADDRESS         REF BY
           =====                   =======         ======
           ADC12MEM9               0152 
    -------------------------------------------------------------------------
DATA16_AN
  Relative segment, address: 0080 - 0080 (0x1 bytes), align: 0
  Segment part 18. ROOT       Intra module refs:   AIO_InLowLevelInit
           ENTRY                   ADDRESS         REF BY
           =====                   =======         ======
           _A_ADC12MCTL0           0080 
           LOCAL                   ADDRESS         
           =====                   =======         
           ADC12MCTL0              0080 
           ADC12MCTL0_bit          0080 
    -------------------------------------------------------------------------
DATA16_AN
  Relative segment, address: 0081 - 0081 (0x1 bytes), align: 0
  Segment part 19. ROOT       Intra module refs:   AIO_InLowLevelInit
           ENTRY                   ADDRESS         REF BY
           =====                   =======         ======
           _A_ADC12MCTL1           0081 
           LOCAL                   ADDRESS         
           =====                   =======         
           ADC12MCTL1              0081 
           ADC12MCTL1_bit          0081 
    -------------------------------------------------------------------------
DATA16_AN
  Relative segment, address: 0082 - 0082 (0x1 bytes), align: 0
  Segment part 20. ROOT       Intra module refs:   AIO_InLowLevelInit
           ENTRY                   ADDRESS         REF BY
           =====                   =======         ======
           _A_ADC12MCTL2           0082 
           LOCAL                   ADDRESS         
           =====                   =======         
           ADC12MCTL2              0082 
           ADC12MCTL2_bit          0082 
    -------------------------------------------------------------------------
DATA16_AN
  Relative segment, address: 0083 - 0083 (0x1 bytes), align: 0
  Segment part 21. ROOT       Intra module refs:   AIO_InLowLevelInit
           ENTRY                   ADDRESS         REF BY
           =====                   =======         ======
           _A_ADC12MCTL3           0083 
           LOCAL                   ADDRESS         
           =====                   =======         
           ADC12MCTL3              0083 
           ADC12MCTL3_bit          0083 
    -------------------------------------------------------------------------
DATA16_AN
  Relative segment, address: 0084 - 0084 (0x1 bytes), align: 0
  Segment part 22. ROOT       Intra module refs:   AIO_InLowLevelInit
           ENTRY                   ADDRESS         REF BY
           =====                   =======         ======
           _A_ADC12MCTL4           0084 
           LOCAL                   ADDRESS         
           =====                   =======         
           ADC12MCTL4              0084 
           ADC12MCTL4_bit          0084 
    -------------------------------------------------------------------------
DATA16_AN
  Relative segment, address: 0085 - 0085 (0x1 bytes), align: 0
  Segment part 23. ROOT       Intra module refs:   AIO_InLowLevelInit
           ENTRY                   ADDRESS         REF BY
           =====                   =======         ======
           _A_ADC12MCTL5           0085 
           LOCAL                   ADDRESS         
           =====                   =======         
           ADC12MCTL5              0085 
           ADC12MCTL5_bit          0085 
    -------------------------------------------------------------------------
DATA16_AN
  Relative segment, address: 0086 - 0086 (0x1 bytes), align: 0
  Segment part 24. ROOT       Intra module refs:   AIO_InLowLevelInit
           ENTRY                   ADDRESS         REF BY
           =====                   =======         ======
           _A_ADC12MCTL6           0086 
           LOCAL                   ADDRESS         
           =====                   =======         
           ADC12MCTL6              0086 
           ADC12MCTL6_bit          0086 
    -------------------------------------------------------------------------
DATA16_AN
  Relative segment, address: 0087 - 0087 (0x1 bytes), align: 0
  Segment part 25. ROOT       Intra module refs:   AIO_InLowLevelInit
           ENTRY                   ADDRESS         REF BY
           =====                   =======         ======
           _A_ADC12MCTL7           0087 
           LOCAL                   ADDRESS         
           =====                   =======         
           ADC12MCTL7              0087 
           ADC12MCTL7_bit          0087 
    -------------------------------------------------------------------------
DATA16_AN
  Relative segment, address: 0088 - 0088 (0x1 bytes), align: 0
  Segment part 26. ROOT       Intra module refs:   AIO_InLowLevelInit
           ENTRY                   ADDRESS         REF BY
           =====                   =======         ======
           _A_ADC12MCTL8           0088 
           LOCAL                   ADDRESS         
           =====                   =======         
           ADC12MCTL8              0088 
           ADC12MCTL8_bit          0088 
    -------------------------------------------------------------------------
DATA16_AN
  Relative segment, address: 0089 - 0089 (0x1 bytes), align: 0
  Segment part 27. ROOT       Intra module refs:   AIO_InLowLevelInit
           ENTRY                   ADDRESS         REF BY
           =====                   =======         ======
           _A_ADC12MCTL9           0089 
           LOCAL                   ADDRESS         
           =====                   =======         
           ADC12MCTL9              0089 
           ADC12MCTL9_bit          0089 
    -------------------------------------------------------------------------
DATA16_C
  Relative segment, address: 4000 - 4005 (0x6 bytes), align: 1
  Segment part 30.            Intra module refs:   AIO_InLowLevelInit
           LOCAL                   ADDRESS         
           =====                   =======         
           AIN_PORT_PIN            4000 
    -------------------------------------------------------------------------
DATA16_Z
  Relative segment, address: 022C - 023F (0x14 bytes), align: 1
  Segment part 31.            Intra module refs:   ADC12_IRQHandler
                                                   AIO_GetInVoltage
                                                   AIO_InOnOff
           LOCAL                   ADDRESS         
           =====                   =======         
           s_usAinBuffer           022C 
    -------------------------------------------------------------------------
<CODE> 1 (was CODE)
  Relative segment, address: E8DE - E8E5 (0x8 bytes), align: 1
  Segment part 33.
           ENTRY                   ADDRESS         REF BY
           =====                   =======         ======
           AIO_Init                E8DE            BspInitHard (bsp)
               calls direct
    -------------------------------------------------------------------------
<CODE> 1 (was CODE)
  Relative segment, address: E17E - E1A9 (0x2c bytes), align: 1
  Segment part 34.            Intra module refs:   AIO_GetInVoltage
           ENTRY                   ADDRESS         REF BY
           =====                   =======         ======
           AIO_InOnOff             E17E            BspInitHard (bsp)
                                                   PM_Poll (PowerManage)
    -------------------------------------------------------------------------
<CODE> 1 (was CODE)
  Relative segment, address: BF30 - BFF5 (0xc6 bytes), align: 1
  Segment part 35.
           ENTRY                   ADDRESS         REF BY
           =====                   =======         ======
           AIO_GetInVoltage        BF30            PM_PowerAbnormalDetect (PowerManage)
                                                   nbAppNetPoll (nb_app)
               calls direct
    -------------------------------------------------------------------------
<CODE> 1 (was CODE)
  Relative segment, address: CE4A - CED5 (0x8c bytes), align: 1
  Segment part 32.            Intra module refs:   AIO_Init
           LOCAL                   ADDRESS         
           =====                   =======         
           AIO_InLowLevelInit      CE4A 
    -------------------------------------------------------------------------
<CODE> 1 (was CODE)
  Relative segment, address: D522 - D579 (0x58 bytes), align: 1
  Segment part 36.            Intra module refs:   ADC12_IRQHandler::??INTVEC 14
           ENTRY                   ADDRESS         REF BY
           =====                   =======         ======
           ADC12_IRQHandler        D522 
               interrupt function
    -------------------------------------------------------------------------
INTVEC
  Common segment, address: FFE0 - FFEF (0x10 bytes), align: 1
  Segment part 28. ROOT 
           ENTRY                   ADDRESS         REF BY
           =====                   =======         ======
           ADC12_IRQHandler::??INTVEC 14
                                   FFEE 

    *************************************************************************

  FILE NAME : Z:\gdkyWork\soft\GSWCJ2019\projects\IAR-430(V6.4)\Debug\Obj\app.r43
  PROGRAM MODULE, NAME : app

  SEGMENTS IN THE MODULE
  ======================
DATA16_C
  Relative segment, address: 40AE - 40AF (0x2 bytes), align: 0
  Segment part 2.
           ENTRY                   ADDRESS         REF BY
           =====                   =======         ======
           g_cSoftVer              40AE            Param_VERS (paramConfig)
                                                   RecordApp_GenerateData (record_app)
    -------------------------------------------------------------------------
DATA16_C
  Relative segment, address: 40B0 - 40B5 (0x6 bytes), align: 0
  Segment part 3.
           ENTRY                   ADDRESS         REF BY
           =====                   =======         ======
           ProtocolVerNum          40B0            RecordApp_GenerateData (record_app)
    -------------------------------------------------------------------------
DATA16_I
  Relative segment, address: 0214 - 0214 (0x1 bytes), align: 0
  Segment part 4.
           ENTRY                   ADDRESS         REF BY
           =====                   =======         ======
           g_u8ModemType           0214            RecordApp_GenerateData (record_app)
    -------------------------------------------------------------------------
DATA16_Z
  Relative segment, address: 04EA - 04EA (0x1 bytes), align: 0
  Segment part 6.
           ENTRY                   ADDRESS         REF BY
           =====                   =======         ======
           g_u8TempCalibrateEn     04EA            RecordApp_DevData (record_app)
    -------------------------------------------------------------------------
DATA16_Z
  Relative segment, address: 04EB - 04EB (0x1 bytes), align: 0
  Segment part 7.
           ENTRY                   ADDRESS         REF BY
           =====                   =======         ======
           g_i8TempCalibrate       04EB            RecordApp_GenerateData (record_app)
    -------------------------------------------------------------------------
<CODE> 1 (was CODE)
  Relative segment, address: E938 - E939 (0x2 bytes), align: 1
  Segment part 8.             Intra module refs:   vAppTaskInit
           LOCAL                   ADDRESS         
           =====                   =======         
           AppInitHard             E938 
    -------------------------------------------------------------------------
<CODE> 1 (was CODE)
  Relative segment, address: E93C - E93D (0x2 bytes), align: 1
  Segment part 9.             Intra module refs:   vAppTaskInit
           ENTRY                   ADDRESS         REF BY
           =====                   =======         ======
           AppInitVariable         E93C 
    -------------------------------------------------------------------------
<CODE> 1 (was CODE)
  Relative segment, address: E57A - E591 (0x18 bytes), align: 1
  Segment part 10.
           ENTRY                   ADDRESS         REF BY
           =====                   =======         ======
           vAppTaskInit            E57A            main (main)
               calls direct
    -------------------------------------------------------------------------
DATA16_ID
  Relative segment, address: 467A - 467A (0x1 bytes), align: 0
  Segment part 5.             Intra module refs:   g_u8ModemType

    *************************************************************************

  FILE NAME : Z:\gdkyWork\soft\GSWCJ2019\projects\IAR-430(V6.4)\Debug\Obj\bsp.r43
  PROGRAM MODULE, NAME : bsp

  SEGMENTS IN THE MODULE
  ======================
<CODE> 1 (was CODE)
  Relative segment, address: D7BE - D80D (0x50 bytes), align: 1
  Segment part 2.
           ENTRY                   ADDRESS         REF BY
           =====                   =======         ======
           BspInitHard             D7BE            main (main)
               calls direct
    -------------------------------------------------------------------------
<CODE> 1 (was CODE)
  Relative segment, address: E7A4 - E7B3 (0x10 bytes), align: 1
  Segment part 7.
           ENTRY                   ADDRESS         REF BY
           =====                   =======         ======
           BspBackRun              E7A4            main (main)
               calls direct

    *************************************************************************

  FILE NAME : Z:\gdkyWork\soft\GSWCJ2019\projects\IAR-430(V6.4)\Debug\Obj\cld1712syu.r43
  PROGRAM MODULE, NAME : cld1712syu

  SEGMENTS IN THE MODULE
  ======================
DATA16_AN
  Relative segment, address: 001F - 001F (0x1 bytes), align: 0
  Segment part 1. ROOT        Intra module refs:   Cld1712_Init
                                                   USART1SetParam (usart1)
           ENTRY                   ADDRESS         REF BY
           =====                   =======         ======
           _A_P4SEL                001F 
           LOCAL                   ADDRESS         
           =====                   =======         
           P4SEL                   001F 
           P4SEL_bit               001F 
    -------------------------------------------------------------------------
DATA16_AN
  Relative segment, address: 0033 - 0033 (0x1 bytes), align: 0
  Segment part 2. ROOT        Intra module refs:   Cld1712_Init
           ENTRY                   ADDRESS         REF BY
           =====                   =======         ======
           _A_P5SEL                0033 
           LOCAL                   ADDRESS         
           =====                   =======         
           P5SEL                   0033 
           P5SEL_bit               0033 
    -------------------------------------------------------------------------
DATA16_AN
  Relative segment, address: 0040 - 0040 (0x1 bytes), align: 0
  Segment part 3. ROOT        Intra module refs:   Cld1712_Init
           ENTRY                   ADDRESS         REF BY
           =====                   =======         ======
           _A_BTCTL                0040 
           LOCAL                   ADDRESS         
           =====                   =======         
           BTCTL                   0040 
           BTCTL_bit               0040 
    -------------------------------------------------------------------------
DATA16_AN
  Relative segment, address: 0090 - 0090 (0x1 bytes), align: 0
  Segment part 4. ROOT        Intra module refs:   Cld1712_ClearLcd
                                                   Cld1712_Init
                                                   Cld1712_ShowAll
           ENTRY                   ADDRESS         REF BY
           =====                   =======         ======
           _A_LCDCTL               0090 
           LOCAL                   ADDRESS         
           =====                   =======         
           LCDCTL                  0090 
           LCDCTL_bit              0090 
    -------------------------------------------------------------------------
DATA16_AN
  Relative segment, address: 0091 - 0091 (0x1 bytes), align: 0
  Segment part 5. ROOT        Intra module refs:   Cld1712_PutChar
           ENTRY                   ADDRESS         REF BY
           =====                   =======         ======
           LCDM1                   0091 
    -------------------------------------------------------------------------
DATA16_AN
  Relative segment, address: 0092 - 0092 (0x1 bytes), align: 0
  Segment part 6. ROOT        Intra module refs:   Cld1712_PutChar
           ENTRY                   ADDRESS         REF BY
           =====                   =======         ======
           LCDM2                   0092 
    -------------------------------------------------------------------------
DATA16_AN
  Relative segment, address: 0093 - 0093 (0x1 bytes), align: 0
  Segment part 7. ROOT        Intra module refs:   Cld1712_PutChar
           ENTRY                   ADDRESS         REF BY
           =====                   =======         ======
           LCDM3                   0093 
    -------------------------------------------------------------------------
DATA16_AN
  Relative segment, address: 0094 - 0094 (0x1 bytes), align: 0
  Segment part 8. ROOT        Intra module refs:   Cld1712_PutChar
           ENTRY                   ADDRESS         REF BY
           =====                   =======         ======
           LCDM4                   0094 
    -------------------------------------------------------------------------
DATA16_AN
  Relative segment, address: 0095 - 0095 (0x1 bytes), align: 0
  Segment part 9. ROOT        Intra module refs:   Cld1712_PutChar
           ENTRY                   ADDRESS         REF BY
           =====                   =======         ======
           LCDM5                   0095 
    -------------------------------------------------------------------------
DATA16_AN
  Relative segment, address: 0096 - 0096 (0x1 bytes), align: 0
  Segment part 10. ROOT       Intra module refs:   Cld1712_PutChar
           ENTRY                   ADDRESS         REF BY
           =====                   =======         ======
           LCDM6                   0096 
    -------------------------------------------------------------------------
DATA16_AN
  Relative segment, address: 0097 - 0097 (0x1 bytes), align: 0
  Segment part 11. ROOT       Intra module refs:   Cld1712_PutChar
           ENTRY                   ADDRESS         REF BY
           =====                   =======         ======
           LCDM7                   0097 
    -------------------------------------------------------------------------
DATA16_AN
  Relative segment, address: 0098 - 0098 (0x1 bytes), align: 0
  Segment part 12. ROOT       Intra module refs:   Cld1712_PutChar
           ENTRY                   ADDRESS         REF BY
           =====                   =======         ======
           LCDM8                   0098 
    -------------------------------------------------------------------------
DATA16_AN
  Relative segment, address: 0099 - 0099 (0x1 bytes), align: 0
  Segment part 13. ROOT       Intra module refs:   Cld1712_PutChar
           ENTRY                   ADDRESS         REF BY
           =====                   =======         ======
           LCDM9                   0099 
    -------------------------------------------------------------------------
DATA16_AN
  Relative segment, address: 009A - 009A (0x1 bytes), align: 0
  Segment part 14. ROOT       Intra module refs:   Cld1712_PutChar
           ENTRY                   ADDRESS         REF BY
           =====                   =======         ======
           LCDM10                  009A 
    -------------------------------------------------------------------------
DATA16_AN
  Relative segment, address: 009B - 009B (0x1 bytes), align: 0
  Segment part 15. ROOT       Intra module refs:   Cld1712_PutChar
           ENTRY                   ADDRESS         REF BY
           =====                   =======         ======
           LCDM11                  009B 
    -------------------------------------------------------------------------
DATA16_AN
  Relative segment, address: 009C - 009C (0x1 bytes), align: 0
  Segment part 16. ROOT       Intra module refs:   Cld1712_PutChar
           ENTRY                   ADDRESS         REF BY
           =====                   =======         ======
           LCDM12                  009C 
    -------------------------------------------------------------------------
DATA16_AN
  Relative segment, address: 009D - 009D (0x1 bytes), align: 0
  Segment part 17. ROOT       Intra module refs:   Cld1712_PutChar
           ENTRY                   ADDRESS         REF BY
           =====                   =======         ======
           LCDM13                  009D 
    -------------------------------------------------------------------------
DATA16_AN
  Relative segment, address: 009E - 009E (0x1 bytes), align: 0
  Segment part 18. ROOT       Intra module refs:   Cld1712_PutChar
           ENTRY                   ADDRESS         REF BY
           =====                   =======         ======
           LCDM14                  009E 
    -------------------------------------------------------------------------
DATA16_AN
  Relative segment, address: 009F - 009F (0x1 bytes), align: 0
  Segment part 19. ROOT       Intra module refs:   Cld1712_PutChar
           ENTRY                   ADDRESS         REF BY
           =====                   =======         ======
           LCDM15                  009F 
    -------------------------------------------------------------------------
DATA16_AN
  Relative segment, address: 00A0 - 00A0 (0x1 bytes), align: 0
  Segment part 20. ROOT       Intra module refs:   Cld1712_PutChar
           ENTRY                   ADDRESS         REF BY
           =====                   =======         ======
           LCDM16                  00A0 
    -------------------------------------------------------------------------
DATA16_AN
  Relative segment, address: 00A1 - 00A1 (0x1 bytes), align: 0
  Segment part 21. ROOT       Intra module refs:   Cld1712_PutChar
           ENTRY                   ADDRESS         REF BY
           =====                   =======         ======
           LCDM17                  00A1 
    -------------------------------------------------------------------------
DATA16_AN
  Relative segment, address: 00A2 - 00A2 (0x1 bytes), align: 0
  Segment part 22. ROOT       Intra module refs:   Cld1712_PutChar
           ENTRY                   ADDRESS         REF BY
           =====                   =======         ======
           LCDM18                  00A2 
    -------------------------------------------------------------------------
DATA16_AN
  Relative segment, address: 00A3 - 00A3 (0x1 bytes), align: 0
  Segment part 23. ROOT       Intra module refs:   Cld1712_PutChar
           ENTRY                   ADDRESS         REF BY
           =====                   =======         ======
           LCDM19                  00A3 
    -------------------------------------------------------------------------
DATA16_C
  Relative segment, address: 40B6 - 40CE (0x19 bytes), align: 0
  Segment part 25.            Intra module refs:   Cld1712_PutChar
           ENTRY                   ADDRESS         REF BY
           =====                   =======         ======
           Cld1712_TAB             40B6 
    -------------------------------------------------------------------------
<CODE> 1 (was CODE)
  Relative segment, address: E646 - E65B (0x16 bytes), align: 1
  Segment part 27.
           ENTRY                   ADDRESS         REF BY
           =====                   =======         ======
           Cld1712_Init            E646            lcd_init (lcd)
    -------------------------------------------------------------------------
<CODE> 1 (was CODE)
  Relative segment, address: E4BC - E4D7 (0x1c bytes), align: 1
  Segment part 28.
           ENTRY                   ADDRESS         REF BY
           =====                   =======         ======
           Cld1712_ClearLcd        E4BC            clear_lcd (lcd)
    -------------------------------------------------------------------------
<CODE> 1 (was CODE)
  Relative segment, address: E510 - E52B (0x1c bytes), align: 1
  Segment part 29.
           ENTRY                   ADDRESS         REF BY
           =====                   =======         ======
           Cld1712_ShowAll         E510            AllShowLcd (lcd)
    -------------------------------------------------------------------------
<CODE> 1 (was CODE)
  Relative segment, address: 62DA - 6961 (0x688 bytes), align: 1
  Segment part 30.
           ENTRY                   ADDRESS         REF BY
           =====                   =======         ======
           Cld1712_PutChar         62DA            LcdPutChar (lcd)
    -------------------------------------------------------------------------
<CODE> 1 (was CODE)
  Relative segment, address: DB2E - DB6F (0x42 bytes), align: 1
  Segment part 31.
           ENTRY                   ADDRESS         REF BY
           =====                   =======         ======
           Cld1712_PutSymbol       DB2E            LcdPutSymbol (lcd)
               calls direct
    -------------------------------------------------------------------------
<CODE> 1 (was CODE)
  Relative segment, address: BFF6 - C0B9 (0xc4 bytes), align: 1
  Segment part 32.            Intra module refs:   Cld1712_DisplayPoll
           ENTRY                   ADDRESS         REF BY
           =====                   =======         ======
           Cld1712_ClrStaticItems
                                   BFF6 
               calls direct
    -------------------------------------------------------------------------
<CODE> 1 (was CODE)
  Relative segment, address: 91C4 - 93F7 (0x234 bytes), align: 1
  Segment part 33.            Intra module refs:   Cld1712_DisplayPoll
           ENTRY                   ADDRESS         REF BY
           =====                   =======         ======
           Cld1712_Page1           91C4 
               calls direct
    -------------------------------------------------------------------------
<CODE> 1 (was CODE)
  Relative segment, address: AA98 - ABD1 (0x13a bytes), align: 1
  Segment part 34.            Intra module refs:   Cld1712_DisplayPoll
           ENTRY                   ADDRESS         REF BY
           =====                   =======         ======
           Cld1712_Page2           AA98 
               calls direct
    -------------------------------------------------------------------------
<CODE> 1 (was CODE)
  Relative segment, address: B9D2 - BAD3 (0x102 bytes), align: 1
  Segment part 35.            Intra module refs:   Cld1712_DisplayPoll
           ENTRY                   ADDRESS         REF BY
           =====                   =======         ======
           Cld1712_Page3           B9D2 
               calls direct
    -------------------------------------------------------------------------
<CODE> 1 (was CODE)
  Relative segment, address: BBD4 - BCBF (0xec bytes), align: 1
  Segment part 36.            Intra module refs:   Cld1712_DisplayPoll
           ENTRY                   ADDRESS         REF BY
           =====                   =======         ======
           Cld1712_Page4           BBD4 
               calls direct
    -------------------------------------------------------------------------
<CODE> 1 (was CODE)
  Relative segment, address: BE68 - BF2F (0xc8 bytes), align: 1
  Segment part 37.            Intra module refs:   Cld1712_DisplayPoll
           ENTRY                   ADDRESS         REF BY
           =====                   =======         ======
           Cld1712_Page5           BE68 
               calls direct
    -------------------------------------------------------------------------
<CODE> 1 (was CODE)
  Relative segment, address: B8CE - B9D1 (0x104 bytes), align: 1
  Segment part 38.            Intra module refs:   Cld1712_DisplayPoll
           ENTRY                   ADDRESS         REF BY
           =====                   =======         ======
           Cld1712_Page6           B8CE 
               calls direct
    -------------------------------------------------------------------------
<CODE> 1 (was CODE)
  Relative segment, address: BAD4 - BBD3 (0x100 bytes), align: 1
  Segment part 39.            Intra module refs:   Cld1712_DisplayPoll
           ENTRY                   ADDRESS         REF BY
           =====                   =======         ======
           Cld1712_Page7           BAD4 
               calls direct
    -------------------------------------------------------------------------
<CODE> 1 (was CODE)
  Relative segment, address: 8620 - 8881 (0x262 bytes), align: 1
  Segment part 40.            Intra module refs:   Cld1712_DisplayPoll
           ENTRY                   ADDRESS         REF BY
           =====                   =======         ======
           Cld1712_DispTemperature
                                   8620 
               calls direct
    -------------------------------------------------------------------------
<CODE> 1 (was CODE)
  Relative segment, address: DBF2 - DC31 (0x40 bytes), align: 1
  Segment part 41.            Intra module refs:   Cld1712_DisplayPoll
           ENTRY                   ADDRESS         REF BY
           =====                   =======         ======
           Cld1712_DispOnlineFlag
                                   DBF2 
               calls direct
    -------------------------------------------------------------------------
<CODE> 1 (was CODE)
  Relative segment, address: C686 - C735 (0xb0 bytes), align: 1
  Segment part 42.
           ENTRY                   ADDRESS         REF BY
           =====                   =======         ======
           Cld1712_DisplayPoll     C686            DisplayPoll (lcd)
               calls direct
    -------------------------------------------------------------------------
DATA16_Z
  Relative segment, address: 0240 - 0243 (0x4 bytes), align: 1
  Segment part 26.            Intra module refs:   Cld1712_DisplayPoll
           LOCAL                   ADDRESS         
           =====                   =======         
           Cld1712_DisplayPoll::s_u32TimeStart
                                   0240 

    *************************************************************************

  FILE NAME : Z:\gdkyWork\soft\GSWCJ2019\projects\IAR-430(V6.4)\Debug\Obj\digitio.r43
  PROGRAM MODULE, NAME : digitio

  SEGMENTS IN THE MODULE
  ======================
DATA16_AN
  Relative segment, address: 0020 - 0020 (0x1 bytes), align: 0
  Segment part 1. ROOT        Intra module refs:   DIN_PORT_PIN
           ENTRY                   ADDRESS         REF BY
           =====                   =======         ======
           _A_P1IN                 0020 
           LOCAL                   ADDRESS         
           =====                   =======         
           P1IN                    0020 
           P1IN_bit                0020 
    -------------------------------------------------------------------------
DATA16_AN
  Relative segment, address: 0022 - 0022 (0x1 bytes), align: 0
  Segment part 2. ROOT        Intra module refs:   DIN_PORT_PIN
           ENTRY                   ADDRESS         REF BY
           =====                   =======         ======
           _A_P1DIR                0022 
           LOCAL                   ADDRESS         
           =====                   =======         
           P1DIR                   0022 
           P1DIR_bit               0022 
    -------------------------------------------------------------------------
DATA16_AN
  Relative segment, address: 0026 - 0026 (0x1 bytes), align: 0
  Segment part 3. ROOT        Intra module refs:   DIN_PORT_PIN
           ENTRY                   ADDRESS         REF BY
           =====                   =======         ======
           _A_P1SEL                0026 
           LOCAL                   ADDRESS         
           =====                   =======         
           P1SEL                   0026 
           P1SEL_bit               0026 
    -------------------------------------------------------------------------
DATA16_AN
  Relative segment, address: 0028 - 0028 (0x1 bytes), align: 0
  Segment part 4. ROOT        Intra module refs:   DIN_PORT_PIN
           ENTRY                   ADDRESS         REF BY
           =====                   =======         ======
           _A_P2IN                 0028 
           LOCAL                   ADDRESS         
           =====                   =======         
           P2IN                    0028 
           P2IN_bit                0028 
    -------------------------------------------------------------------------
DATA16_AN
  Relative segment, address: 002A - 002A (0x1 bytes), align: 0
  Segment part 5. ROOT        Intra module refs:   DIN_PORT_PIN
           ENTRY                   ADDRESS         REF BY
           =====                   =======         ======
           _A_P2DIR                002A 
           LOCAL                   ADDRESS         
           =====                   =======         
           P2DIR                   002A 
           P2DIR_bit               002A 
    -------------------------------------------------------------------------
DATA16_AN
  Relative segment, address: 002E - 002E (0x1 bytes), align: 0
  Segment part 6. ROOT        Intra module refs:   DIN_PORT_PIN
                                                   USART0_SetParam (usart0)
           ENTRY                   ADDRESS         REF BY
           =====                   =======         ======
           _A_P2SEL                002E 
           LOCAL                   ADDRESS         
           =====                   =======         
           P2SEL                   002E 
           P2SEL_bit               002E 
    -------------------------------------------------------------------------
DATA16_AN
  Relative segment, address: 0035 - 0035 (0x1 bytes), align: 0
  Segment part 7. ROOT        Intra module refs:   DOUT_PORT_PIN
                                                   nbHWSetPower (nb_hw_msp430x44x)
                                                   nbHWSetReset (nb_hw_msp430x44x)
           ENTRY                   ADDRESS         REF BY
           =====                   =======         ======
           _A_P6OUT                0035 
           LOCAL                   ADDRESS         
           =====                   =======         
           P6OUT                   0035 
           P6OUT_bit               0035 
    -------------------------------------------------------------------------
DATA16_C
  Relative segment, address: 4006 - 403D (0x38 bytes), align: 1
  Segment part 11.            Intra module refs:   DIO_InLowLevelInit
                                                   DIO_Poll
           LOCAL                   ADDRESS         
           =====                   =======         
           DIN_PORT_PIN            4006 
    -------------------------------------------------------------------------
DATA16_C
  Relative segment, address: 403E - 405D (0x20 bytes), align: 1
  Segment part 12.            Intra module refs:   DIO_OutLowLevelInit
           LOCAL                   ADDRESS         
           =====                   =======         
           DOUT_PORT_PIN           403E 
    -------------------------------------------------------------------------
DATA16_Z
  Relative segment, address: 0244 - 025F (0x1c bytes), align: 1
  Segment part 13.            Intra module refs:   DIO_Poll
           ENTRY                   ADDRESS         REF BY
           =====                   =======         ======
           m_PIN_Jitter            0244 
    -------------------------------------------------------------------------
DATA16_Z
  Relative segment, address: 04EC - 04EC (0x1 bytes), align: 0
  Segment part 14.            Intra module refs:   DIO_GetInStatus
                                                   DIO_Poll
           ENTRY                   ADDRESS         REF BY
           =====                   =======         ======
           s_tDInStatus            04EC 
    -------------------------------------------------------------------------
<CODE> 1 (was CODE)
  Relative segment, address: E856 - E861 (0xc bytes), align: 1
  Segment part 18.
           ENTRY                   ADDRESS         REF BY
           =====                   =======         ======
           DIO_Init                E856            BspInitHard (bsp)
               calls direct
    -------------------------------------------------------------------------
<CODE> 1 (was CODE)
  Relative segment, address: C3B8 - C46F (0xb8 bytes), align: 1
  Segment part 19.
           ENTRY                   ADDRESS         REF BY
           =====                   =======         ======
           DIO_Poll                C3B8            BspBackRun (bsp)
               calls direct
    -------------------------------------------------------------------------
<CODE> 1 (was CODE)
  Relative segment, address: E0C8 - E0F5 (0x2e bytes), align: 1
  Segment part 20.
           ENTRY                   ADDRESS         REF BY
           =====                   =======         ======
           DIO_GetInStatus         E0C8            KeySkipScreen (key)
                                                   PM_Poll (PowerManage)
               calls direct
    -------------------------------------------------------------------------
<CODE> 1 (was CODE)
  Relative segment, address: DAEA - DB2D (0x44 bytes), align: 1
  Segment part 17.            Intra module refs:   DIO_Init
           LOCAL                   ADDRESS         
           =====                   =======         
           DIO_InLowLevelInit      DAEA 
    -------------------------------------------------------------------------
<CODE> 1 (was CODE)
  Relative segment, address: D46E - D4C9 (0x5c bytes), align: 1
  Segment part 16.            Intra module refs:   DIO_Init
           LOCAL                   ADDRESS         
           =====                   =======         
           DIO_OutLowLevelInit     D46E 
    -------------------------------------------------------------------------
<CODE> 1 (was CODE)
  Relative segment, address: E7B4 - E7C3 (0x10 bytes), align: 1
  Segment part 23.
           ENTRY                   ADDRESS         REF BY
           =====                   =======         ======
           DIO_GetRegBit           E7B4            IIC1_Read_Byte (HDC1080)
                                                   IIC1_Wait_Ack (HDC1080)
    -------------------------------------------------------------------------
<CODE> 1 (was CODE)
  Relative segment, address: E8F2 - E8F7 (0x6 bytes), align: 1
  Segment part 24.
           ENTRY                   ADDRESS         REF BY
           =====                   =======         ======
           DIO_SetRegBit           E8F2            IIC1_Ack (HDC1080)
                                                   IIC1_Init (HDC1080)
                                                   IIC1_NAck (HDC1080)
                                                   IIC1_Read_Byte (HDC1080)
                                                   IIC1_Send_Byte (HDC1080)
                                                   IIC1_Start (HDC1080)
                                                   IIC1_Stop (HDC1080)
                                                   IIC1_Wait_Ack (HDC1080)
    -------------------------------------------------------------------------
<CODE> 1 (was CODE)
  Relative segment, address: E8EC - E8F1 (0x6 bytes), align: 1
  Segment part 25.
           ENTRY                   ADDRESS         REF BY
           =====                   =======         ======
           DIO_ClrRegBit           E8EC            IIC1_Ack (HDC1080)
                                                   IIC1_NAck (HDC1080)
                                                   IIC1_Read_Byte (HDC1080)
                                                   IIC1_Send_Byte (HDC1080)
                                                   IIC1_Start (HDC1080)
                                                   IIC1_Stop (HDC1080)
                                                   IIC1_Wait_Ack (HDC1080)

    *************************************************************************

  FILE NAME : Z:\gdkyWork\soft\GSWCJ2019\projects\IAR-430(V6.4)\Debug\Obj\elog.r43
    *************************************************************************

  FILE NAME : Z:\gdkyWork\soft\GSWCJ2019\projects\IAR-430(V6.4)\Debug\Obj\elog_async.r43
    *************************************************************************

  FILE NAME : Z:\gdkyWork\soft\GSWCJ2019\projects\IAR-430(V6.4)\Debug\Obj\elog_buf.r43
    *************************************************************************

  FILE NAME : Z:\gdkyWork\soft\GSWCJ2019\projects\IAR-430(V6.4)\Debug\Obj\elog_utils.r43
    *************************************************************************

  FILE NAME : Z:\gdkyWork\soft\GSWCJ2019\projects\IAR-430(V6.4)\Debug\Obj\flash.r43
  PROGRAM MODULE, NAME : flash

  SEGMENTS IN THE MODULE
  ======================
DATA16_AN
  Relative segment, address: 0128 - 0129 (0x2 bytes), align: 0
  Segment part 1. ROOT        Intra module refs:   W_flash
           ENTRY                   ADDRESS         REF BY
           =====                   =======         ======
           _A_FCTL1                0128 
           LOCAL                   ADDRESS         
           =====                   =======         
           FCTL1                   0128 
           FCTL1_bit               0128 
    -------------------------------------------------------------------------
DATA16_AN
  Relative segment, address: 012C - 012D (0x2 bytes), align: 0
  Segment part 2. ROOT        Intra module refs:   W_flash
           ENTRY                   ADDRESS         REF BY
           =====                   =======         ======
           _A_FCTL3                012C 
           LOCAL                   ADDRESS         
           =====                   =======         
           FCTL3                   012C 
           FCTL3_bit               012C 
    -------------------------------------------------------------------------
DATA16_Z
  Relative segment, address: 04ED - 056C (0x80 bytes), align: 0
  Segment part 8.             Intra module refs:   W_flash
           ENTRY                   ADDRESS         REF BY
           =====                   =======         ======
           flash_buf               04ED 
    -------------------------------------------------------------------------
<CODE> 1 (was CODE)
  Relative segment, address: B7CA - B8CD (0x104 bytes), align: 1
  Segment part 10.
           ENTRY                   ADDRESS         REF BY
           =====                   =======         ======
           W_flash                 B7CA            LocalConfigPoll (paramConfig)
                                                   ParaParseFromNB (paramConfig)
                                                   Param_APN (paramConfig)
                                                   Param_DNDATIM (paramConfig)
                                                   Param_IPAD (paramConfig)
                                                   Param_IPSEC (paramConfig)
                                                   Param_NOMSIGVAL (paramConfig)
                                                   Param_PHON (paramConfig)
                                                   Param_PORT (paramConfig)
                                                   Param_PTSEC (paramConfig)
                                                   Param_PWD (paramConfig)
                                                   Param_TEMPNUM (paramConfig)
                                                   Param_TXTIME (paramConfig)
                                                   Param_USER (paramConfig)
               calls direct
    -------------------------------------------------------------------------
<CODE> 1 (was CODE)
  Relative segment, address: E52C - E545 (0x1a bytes), align: 1
  Segment part 9.             Intra module refs:   W_flash
           ENTRY                   ADDRESS         REF BY
           =====                   =======         ======
           R_flash                 E52C            Param_TEMPNUM (paramConfig)

    *************************************************************************

  FILE NAME : Z:\gdkyWork\soft\GSWCJ2019\projects\IAR-430(V6.4)\Debug\Obj\fm24clxx.r43
  PROGRAM MODULE, NAME : fm24clxx

  SEGMENTS IN THE MODULE
  ======================
DATA16_AN
  Relative segment, address: 0018 - 0018 (0x1 bytes), align: 0
  Segment part 1. ROOT        Intra module refs:   IIC1_Read_Byte (HDC1080)
                                                   IIC1_Wait_Ack (HDC1080)
                                                   i2c_readbyte
                                                   i2c_start
                                                   i2c_waitack
           ENTRY                   ADDRESS         REF BY
           =====                   =======         ======
           _A_P3IN                 0018 
           LOCAL                   ADDRESS         
           =====                   =======         
           P3IN                    0018 
           P3IN_bit                0018 
    -------------------------------------------------------------------------
DATA16_AN
  Relative segment, address: 0019 - 0019 (0x1 bytes), align: 0
  Segment part 2. ROOT        Intra module refs:   FRAM_Init
                                                   FRAM_Write
                                                   IIC1_Ack (HDC1080)
                                                   IIC1_Init (HDC1080)
                                                   IIC1_NAck (HDC1080)
                                                   IIC1_Read_Byte (HDC1080)
                                                   IIC1_Send_Byte (HDC1080)
                                                   IIC1_Start (HDC1080)
                                                   IIC1_Stop (HDC1080)
                                                   IIC1_Wait_Ack (HDC1080)
                                                   i2c_ack
                                                   i2c_noack
                                                   i2c_readbyte
                                                   i2c_start
                                                   i2c_stop
                                                   i2c_waitack
                                                   i2c_writebyte
           ENTRY                   ADDRESS         REF BY
           =====                   =======         ======
           _A_P3OUT                0019 
           LOCAL                   ADDRESS         
           =====                   =======         
           P3OUT                   0019 
           P3OUT_bit               0019 
    -------------------------------------------------------------------------
DATA16_AN
  Relative segment, address: 001A - 001A (0x1 bytes), align: 0
  Segment part 3. ROOT        Intra module refs:   FRAM_Init
                                                   IIC1_Ack (HDC1080)
                                                   IIC1_Init (HDC1080)
                                                   IIC1_NAck (HDC1080)
                                                   IIC1_Read_Byte (HDC1080)
                                                   IIC1_Send_Byte (HDC1080)
                                                   IIC1_Start (HDC1080)
                                                   IIC1_Stop (HDC1080)
                                                   IIC1_Wait_Ack (HDC1080)
                                                   i2c_readbyte
                                                   i2c_start
                                                   i2c_waitack
           ENTRY                   ADDRESS         REF BY
           =====                   =======         ======
           _A_P3DIR                001A 
           LOCAL                   ADDRESS         
           =====                   =======         
           P3DIR                   001A 
           P3DIR_bit               001A 
    -------------------------------------------------------------------------
<CODE> 1 (was CODE)
  Relative segment, address: 6DE0 - 6E21 (0x42 bytes), align: 1
  Segment part 5.             Intra module refs:   i2c_ack
                                                   i2c_noack
                                                   i2c_readbyte
                                                   i2c_start
                                                   i2c_stop
                                                   i2c_waitack
                                                   i2c_writebyte
           LOCAL                   ADDRESS         
           =====                   =======         
           i2c_delay               6DE0 
    -------------------------------------------------------------------------
<CODE> 1 (was CODE)
  Relative segment, address: 6E22 - 6E51 (0x30 bytes), align: 1
  Segment part 6.             Intra module refs:   FRAM_Init
                                                   FRAM_Read
                                                   FRAM_Write
           LOCAL                   ADDRESS         
           =====                   =======         
           i2c_stop                6E22 
               calls direct
    -------------------------------------------------------------------------
<CODE> 1 (was CODE)
  Relative segment, address: 6E52 - 6EC1 (0x70 bytes), align: 1
  Segment part 7.             Intra module refs:   FRAM_Init
                                                   FRAM_Read
                                                   FRAM_Write
           LOCAL                   ADDRESS         
           =====                   =======         
           i2c_start               6E52 
               calls direct
    -------------------------------------------------------------------------
<CODE> 1 (was CODE)
  Relative segment, address: 6EC2 - 6EFF (0x3e bytes), align: 1
  Segment part 8.
           ENTRY                   ADDRESS         REF BY
           =====                   =======         ======
           FRAM_Init               6EC2            Record_HWInit (record_hw)
               calls direct
    -------------------------------------------------------------------------
<CODE> 1 (was CODE)
  Relative segment, address: 6F00 - 6F57 (0x58 bytes), align: 1
  Segment part 9.             Intra module refs:   FRAM_Read
                                                   FRAM_Write
           LOCAL                   ADDRESS         
           =====                   =======         
           i2c_waitack             6F00 
               calls direct
    -------------------------------------------------------------------------
<CODE> 1 (was CODE)
  Relative segment, address: 6F58 - 6F9D (0x46 bytes), align: 1
  Segment part 10.            Intra module refs:   FRAM_Read
                                                   FRAM_Write
           LOCAL                   ADDRESS         
           =====                   =======         
           i2c_writebyte           6F58 
               calls direct
    -------------------------------------------------------------------------
<CODE> 1 (was CODE)
  Relative segment, address: 6F9E - 71A3 (0x206 bytes), align: 1
  Segment part 11.
           ENTRY                   ADDRESS         REF BY
           =====                   =======         ======
           FRAM_Write              6F9E            Record_HWWrite (record_hw)
               calls direct
    -------------------------------------------------------------------------
<CODE> 1 (was CODE)
  Relative segment, address: 71A4 - 71D3 (0x30 bytes), align: 1
  Segment part 12.            Intra module refs:   FRAM_Read
           LOCAL                   ADDRESS         
           =====                   =======         
           i2c_noack               71A4 
               calls direct
    -------------------------------------------------------------------------
<CODE> 1 (was CODE)
  Relative segment, address: 71D4 - 7203 (0x30 bytes), align: 1
  Segment part 13.            Intra module refs:   FRAM_Read
           LOCAL                   ADDRESS         
           =====                   =======         
           i2c_ack                 71D4 
               calls direct
    -------------------------------------------------------------------------
<CODE> 1 (was CODE)
  Relative segment, address: 7B88 - 7E51 (0x2ca bytes), align: 1
  Segment part 15.
           ENTRY                   ADDRESS         REF BY
           =====                   =======         ======
           FRAM_Read               7B88            Record_HWRead (record_hw)
               calls direct
    -------------------------------------------------------------------------
<CODE> 1 (was CODE)
  Relative segment, address: D4CA - D521 (0x58 bytes), align: 1
  Segment part 14.            Intra module refs:   FRAM_Read
           LOCAL                   ADDRESS         
           =====                   =======         
           i2c_readbyte            D4CA 
               calls direct

    *************************************************************************

  FILE NAME : Z:\gdkyWork\soft\GSWCJ2019\projects\IAR-430(V6.4)\Debug\Obj\HDC1080.r43
  PROGRAM MODULE, NAME : HDC1080

  SEGMENTS IN THE MODULE
  ======================
DATA16_Z
  Relative segment, address: 0260 - 0261 (0x2 bytes), align: 1
  Segment part 5.             Intra module refs:   Hdc1080_GetTempVal
                                                   Hdc1080_UpdateTemperature
           LOCAL                   ADDRESS         
           =====                   =======         
           s_i16TempVal            0260 
    -------------------------------------------------------------------------
DATA16_Z
  Relative segment, address: 056D - 056D (0x1 bytes), align: 0
  Segment part 6.             Intra module refs:   Hdc1080_GetHumidityVal
                                                   Hdc1080_UpdateHumidity
           LOCAL                   ADDRESS         
           =====                   =======         
           s_u8HumidityVal         056D 
    -------------------------------------------------------------------------
<CODE> 1 (was CODE)
  Relative segment, address: 8AE2 - 8B09 (0x28 bytes), align: 1
  Segment part 7.             Intra module refs:   HDC1080_Init
           ENTRY                   ADDRESS         REF BY
           =====                   =======         ======
           IIC1_Init               8AE2 
               calls direct
    -------------------------------------------------------------------------
<CODE> 1 (was CODE)
  Relative segment, address: 8B0A - 8B4F (0x46 bytes), align: 1
  Segment part 8.             Intra module refs:   HDC1080_ReadOneByte
           ENTRY                   ADDRESS         REF BY
           =====                   =======         ======
           IIC1_Start              8B0A 
               calls direct
    -------------------------------------------------------------------------
<CODE> 1 (was CODE)
  Relative segment, address: 8B50 - 8B81 (0x32 bytes), align: 1
  Segment part 9.             Intra module refs:   HDC1080_ReadOneByte
                                                   IIC1_Wait_Ack
           ENTRY                   ADDRESS         REF BY
           =====                   =======         ======
           IIC1_Stop               8B50 
               calls direct
    -------------------------------------------------------------------------
<CODE> 1 (was CODE)
  Relative segment, address: 8B82 - 8BE5 (0x64 bytes), align: 1
  Segment part 10.            Intra module refs:   HDC1080_ReadOneByte
           ENTRY                   ADDRESS         REF BY
           =====                   =======         ======
           IIC1_Wait_Ack           8B82 
               calls direct
    -------------------------------------------------------------------------
<CODE> 1 (was CODE)
  Relative segment, address: 8BE6 - 8C2B (0x46 bytes), align: 1
  Segment part 11.            Intra module refs:   IIC1_Read_Byte
           ENTRY                   ADDRESS         REF BY
           =====                   =======         ======
           IIC1_Ack                8BE6 
               calls direct
    -------------------------------------------------------------------------
<CODE> 1 (was CODE)
  Relative segment, address: 8C2C - 8C65 (0x3a bytes), align: 1
  Segment part 12.            Intra module refs:   IIC1_Read_Byte
           ENTRY                   ADDRESS         REF BY
           =====                   =======         ======
           IIC1_NAck               8C2C 
               calls direct
    -------------------------------------------------------------------------
<CODE> 1 (was CODE)
  Relative segment, address: 8C66 - 8CCB (0x66 bytes), align: 1
  Segment part 13.            Intra module refs:   HDC1080_ReadOneByte
           ENTRY                   ADDRESS         REF BY
           =====                   =======         ======
           IIC1_Send_Byte          8C66 
               calls direct
    -------------------------------------------------------------------------
<CODE> 1 (was CODE)
  Relative segment, address: 8CCC - 8D33 (0x68 bytes), align: 1
  Segment part 14.            Intra module refs:   HDC1080_ReadOneByte
           ENTRY                   ADDRESS         REF BY
           =====                   =======         ======
           IIC1_Read_Byte          8CCC 
               calls direct
    -------------------------------------------------------------------------
<CODE> 1 (was CODE)
  Relative segment, address: 8D34 - 8D37 (0x4 bytes), align: 1
  Segment part 15.
           ENTRY                   ADDRESS         REF BY
           =====                   =======         ======
           HDC1080_Init            8D34            TemperatureHumiditySensorInit (TemperatureMeasure)
               calls direct
    -------------------------------------------------------------------------
<CODE> 1 (was CODE)
  Relative segment, address: CD2E - CDBB (0x8e bytes), align: 1
  Segment part 16.            Intra module refs:   Hdc1080_UpdateHumidity
                                                   Hdc1080_UpdateTemperature
           ENTRY                   ADDRESS         REF BY
           =====                   =======         ======
[...]
    -------------------------------------------------------------------------
<CODE> 1 (was CODE)
  Relative segment, address: E934 - E937 (0x4 bytes), align: 1
  Segment part 3.
           ENTRY                   ADDRESS         REF BY
           =====                   =======         ======
           __data16_memcpy         E934            ?cstart_init_copy (?cstart)
               calls direct

    -------------------------------------------------------------------------
  LIBRARY MODULE, NAME : ?Mul16to32sHw

  SEGMENTS IN THE MODULE
  ======================
<CODE> 1 (was CODE)
  Relative segment, address: E5AA - E5C1 (0x18 bytes), align: 1
  Segment part 0.
           ENTRY                   ADDRESS         REF BY
           =====                   =======         ======
           ?Mul16to32sHw           E5AA            _LdtobFullNoMb (?xprintffull_nomb)

    -------------------------------------------------------------------------
  LIBRARY MODULE, NAME : ?Mul32Hw

  SEGMENTS IN THE MODULE
  ======================
<CODE> 1 (was CODE)
  Relative segment, address: E06C - E099 (0x2e bytes), align: 1
  Segment part 0.
           ENTRY                   ADDRESS         REF BY
           =====                   =======         ======
           ?Mul32Hw                E06C            Record_Read (record)
                                                   Record_Write (record)
                                                   USART0_SetParam (usart0)
                                                   USART1SetParam (usart1)

    -------------------------------------------------------------------------
  LIBRARY MODULE, NAME : ?sprintf

  SEGMENTS IN THE MODULE
  ======================
<CODE> 1 (was CODE)
  Relative segment, address: DE06 - DE3B (0x36 bytes), align: 1
  Segment part 2.
           ENTRY                   ADDRESS         REF BY
           =====                   =======         ======
           sprintf                 DE06            PT_Thread_NETWORK (nb_threads)
                                                   nb_number2str (nb_threads)
               calls direct

    -------------------------------------------------------------------------
  LIBRARY MODULE, NAME : ?strchr

  SEGMENTS IN THE MODULE
  ======================
<CODE> 1 (was CODE)
  Relative segment, address: E82C - E839 (0xe bytes), align: 1
  Segment part 2.
           ENTRY                   ADDRESS         REF BY
           =====                   =======         ======
           __iar_Strchr            E82C            _PrintfFullNoMb (?xprintffull_nomb)

    -------------------------------------------------------------------------
  LIBRARY MODULE, NAME : ?strcmp

  SEGMENTS IN THE MODULE
  ======================
<CODE> 1 (was CODE)
  Relative segment, address: E462 - E47F (0x1e bytes), align: 1
  Segment part 2.
           ENTRY                   ADDRESS         REF BY
           =====                   =======         ======
           strcmp                  E462            nb_parse_received (nb_parser)

    -------------------------------------------------------------------------
  LIBRARY MODULE, NAME : ?strlen

  SEGMENTS IN THE MODULE
  ======================
<CODE> 1 (was CODE)
  Relative segment, address: E718 - E729 (0x12 bytes), align: 1
  Segment part 2.
           ENTRY                   ADDRESS         REF BY
           =====                   =======         ======
           strlen                  E718            PT_Thread_GEN (nb_threads)
                                                   PT_Thread_NETWORK (nb_threads)
                                                   _PrintfFullNoMb (?xprintffull_nomb)

    -------------------------------------------------------------------------
  LIBRARY MODULE, NAME : ?strncmp

  SEGMENTS IN THE MODULE
  ======================
<CODE> 1 (was CODE)
  Relative segment, address: E2B2 - E2D5 (0x24 bytes), align: 1
  Segment part 2.
           ENTRY                   ADDRESS         REF BY
           =====                   =======         ======
           strncmp                 E2B2            nb_parse_received (nb_parser)

    -------------------------------------------------------------------------
  LIBRARY MODULE, NAME : ?strncpy

  SEGMENTS IN THE MODULE
  ======================
<CODE> 1 (was CODE)
  Relative segment, address: E3A4 - E3C5 (0x22 bytes), align: 1
  Segment part 2.
           ENTRY                   ADDRESS         REF BY
           =====                   =======         ======
           strncpy                 E3A4            nbINFOGetIMSI (nb)

    -------------------------------------------------------------------------
  LIBRARY MODULE, NAME : ?xdscale

  SEGMENTS IN THE MODULE
  ======================
<CODE> 1 (was CODE)
  Relative segment, address: C9C4 - CA57 (0x94 bytes), align: 1
  Segment part 2.
           ENTRY                   ADDRESS         REF BY
           =====                   =======         ======
           __iar_Dscale            C9C4            _LdtobFullNoMb (?xprintffull_nomb)
               calls direct

    -------------------------------------------------------------------------
  LIBRARY MODULE, NAME : ?xdunscal

  SEGMENTS IN THE MODULE
  ======================
<CODE> 1 (was CODE)
  Relative segment, address: D98A - D9D1 (0x48 bytes), align: 1
  Segment part 2.
           ENTRY                   ADDRESS         REF BY
           =====                   =======         ======
           __iar_Dunscale          D98A            _LdtobFullNoMb (?xprintffull_nomb)
               calls direct

    -------------------------------------------------------------------------
  LIBRARY MODULE, NAME : ?xprintffull_nomb

  SEGMENTS IN THE MODULE
  ======================
<CODE> 1 (was CODE)
  Relative segment, address: 6962 - 6DDF (0x47e bytes), align: 1
  Segment part 26.
           ENTRY                   ADDRESS         REF BY
           =====                   =======         ======
           _PrintfFullNoMb         6962            sprintf (?sprintf)
               calls direct
    -------------------------------------------------------------------------
<CODE> 1 (was CODE)
  Relative segment, address: E4F4 - E4F9 (0x6 bytes), align: 1
  Segment part 30.            Intra module refs:   Segment part 32
                                                   _PrintfFullNoMb
    -------------------------------------------------------------------------
<CODE> 1 (was CODE)
  Relative segment, address: E4FA - E507 (0xe bytes), align: 1
  Segment part 31.            Intra module refs:   _PrintfFullNoMb
    -------------------------------------------------------------------------
<CODE> 1 (was CODE)
  Relative segment, address: E508 - E50F (0x8 bytes), align: 1
  Segment part 32.            Intra module refs:   _PrintfFullNoMb
    -------------------------------------------------------------------------
<CODE> 1 (was CODE)
  Relative segment, address: E802 - E80F (0xe bytes), align: 1
  Segment part 33.            Intra module refs:   Segment part 30
    -------------------------------------------------------------------------
<CODE> 1 (was CODE)
  Relative segment, address: E698 - E6AB (0x14 bytes), align: 1
  Segment part 35.            Intra module refs:   _PrintfFullNoMb
    -------------------------------------------------------------------------
<CODE> 1 (was CODE)
  Relative segment, address: 5148 - 51C7 (0x80 bytes), align: 1
  Segment part 8.             Intra module refs:   _PrintfFullNoMb
           LOCAL                   ADDRESS         
           =====                   =======         
           LoadInt                 5148 
    -------------------------------------------------------------------------
<CODE> 1 (was CODE)
  Relative segment, address: 51C8 - 51D5 (0xe bytes), align: 1
  Segment part 9.             Intra module refs:   LoadInt
    -------------------------------------------------------------------------
<CODE> 1 (was CODE)
  Relative segment, address: 51D6 - 547F (0x2aa bytes), align: 1
  Segment part 10.            Intra module refs:   _LdtobFullNoMb
           LOCAL                   ADDRESS         
           =====                   =======         
           _GenldFullNoMb          51D6 
               calls direct
    -------------------------------------------------------------------------
<CODE> 1 (was CODE)
  Relative segment, address: 5480 - 548F (0x10 bytes), align: 1
  Segment part 11.            Intra module refs:   _GenldFullNoMb
    -------------------------------------------------------------------------
<CODE> 1 (was CODE)
  Relative segment, address: 5490 - 54D9 (0x4a bytes), align: 1
  Segment part 12.            Intra module refs:   _LdtobFullNoMb
           LOCAL                   ADDRESS         
           =====                   =======         
           scale                   5490 
               calls direct
    -------------------------------------------------------------------------
<CODE> 1 (was CODE)
  Relative segment, address: 54DA - 5897 (0x3be bytes), align: 1
  Segment part 13.            Intra module refs:   _PrintfFullNoMb
           LOCAL                   ADDRESS         
           =====                   =======         
           _LdtobFullNoMb          54DA 
               calls direct
    -------------------------------------------------------------------------
<CODE> 1 (was CODE)
  Relative segment, address: 5898 - 58A1 (0xa bytes), align: 1
  Segment part 14.            Intra module refs:   _LdtobFullNoMb
    -------------------------------------------------------------------------
<CODE> 1 (was CODE)
  Relative segment, address: 58A2 - 58AF (0xe bytes), align: 1
  Segment part 15.            Intra module refs:   _LdtobFullNoMb
    -------------------------------------------------------------------------
<CODE> 1 (was CODE)
  Relative segment, address: 58B0 - 58B5 (0x6 bytes), align: 1
  Segment part 16.            Intra module refs:   _LdtobFullNoMb
    -------------------------------------------------------------------------
<CODE> 1 (was CODE)
  Relative segment, address: 58B6 - 58BF (0xa bytes), align: 1
  Segment part 17.            Intra module refs:   Segment part 16
                                                   Segment part 18
                                                   Segment part 20
                                                   Segment part 21
    -------------------------------------------------------------------------
<CODE> 1 (was CODE)
  Relative segment, address: 58C0 - 58C7 (0x8 bytes), align: 1
  Segment part 18.            Intra module refs:   _LdtobFullNoMb
    -------------------------------------------------------------------------
<CODE> 1 (was CODE)
  Relative segment, address: 58C8 - 58D9 (0x12 bytes), align: 1
  Segment part 19.            Intra module refs:   _LdtobFullNoMb
    -------------------------------------------------------------------------
<CODE> 1 (was CODE)
  Relative segment, address: 58DA - 58E5 (0xc bytes), align: 1
  Segment part 20.            Intra module refs:   _LdtobFullNoMb
    -------------------------------------------------------------------------
<CODE> 1 (was CODE)
  Relative segment, address: 58E6 - 58F5 (0x10 bytes), align: 1
  Segment part 21.            Intra module refs:   _LdtobFullNoMb
    -------------------------------------------------------------------------
<CODE> 1 (was CODE)
  Relative segment, address: 58F6 - 5AAD (0x1b8 bytes), align: 1
  Segment part 22.            Intra module refs:   _PrintfFullNoMb
           LOCAL                   ADDRESS         
           =====                   =======         
           _LitobFullNoMb          58F6 
               calls direct
    -------------------------------------------------------------------------
<CODE> 1 (was CODE)
  Relative segment, address: 5AAE - 5ABF (0x12 bytes), align: 1
  Segment part 23.            Intra module refs:   _LitobFullNoMb
    -------------------------------------------------------------------------
<CODE> 1 (was CODE)
  Relative segment, address: 5AC0 - 5AC9 (0xa bytes), align: 1
  Segment part 24.            Intra module refs:   _LdtobFullNoMb
                                                   _LitobFullNoMb
    -------------------------------------------------------------------------
<CODE> 1 (was CODE)
  Relative segment, address: 5ACA - 5AD3 (0xa bytes), align: 1
  Segment part 25.            Intra module refs:   LoadInt
                                                   _LitobFullNoMb
                                                   _PrintfFullNoMb
    -------------------------------------------------------------------------
<CODE> 1 (was CODE)
  Relative segment, address: DEA8 - DEDD (0x36 bytes), align: 1
  Segment part 36.            Intra module refs:   Segment part 33
           LOCAL                   ADDRESS         
           =====                   =======         
           pad                     DEA8 
               calls direct
    -------------------------------------------------------------------------
<CODE> 1 (was CODE)
  Relative segment, address: E222 - E245 (0x24 bytes), align: 1
  Segment part 37.            Intra module refs:   _PrintfFullNoMb
                                                   _PutcharsFullNoMb
           LOCAL                   ADDRESS         
           =====                   =======         
           _PutcharFullNoMb        E222 
               calls indirect
    -------------------------------------------------------------------------
<CODE> 1 (was CODE)
  Relative segment, address: E1AA - E1D5 (0x2c bytes), align: 1
  Segment part 38.            Intra module refs:   Segment part 31
                                                   pad
           LOCAL                   ADDRESS         
           =====                   =======         
           _PutcharsFullNoMb       E1AA 
               calls direct
    -------------------------------------------------------------------------
<CODE> 1 (was CODE)
  Relative segment, address: E810 - E81D (0xe bytes), align: 1
  Segment part 27.            Intra module refs:   _PrintfFullNoMb
    -------------------------------------------------------------------------
<CODE> 1 (was CODE)
  Relative segment, address: E848 - E855 (0xe bytes), align: 1
  Segment part 28.            Intra module refs:   _PrintfFullNoMb
    -------------------------------------------------------------------------
<CODE> 1 (was CODE)
  Relative segment, address: E74E - E75F (0x12 bytes), align: 1
  Segment part 29.            Intra module refs:   _PrintfFullNoMb
    -------------------------------------------------------------------------
<CODE> 1 (was CODE)
  Relative segment, address: DC72 - DCAF (0x3e bytes), align: 1
  Segment part 34.            Intra module refs:   _PrintfFullNoMb
    -------------------------------------------------------------------------
DATA16_C
  Relative segment, address: 464D - 4653 (0x7 bytes), align: 0
  Segment part 2.             Intra module refs:   _PrintfFullNoMb
    -------------------------------------------------------------------------
DATA16_C
  Relative segment, address: 4654 - 4657 (0x4 bytes), align: 0
  Segment part 3.             Intra module refs:   _LdtobFullNoMb
    -------------------------------------------------------------------------
DATA16_C
  Relative segment, address: 4658 - 465B (0x4 bytes), align: 0
  Segment part 4.             Intra module refs:   _LdtobFullNoMb
    -------------------------------------------------------------------------
DATA16_C
  Relative segment, address: 465C - 465F (0x4 bytes), align: 0
  Segment part 5.             Intra module refs:   _LdtobFullNoMb
    -------------------------------------------------------------------------
DATA16_C
  Relative segment, address: 4660 - 4663 (0x4 bytes), align: 0
  Segment part 6.             Intra module refs:   _LdtobFullNoMb
    -------------------------------------------------------------------------
DATA16_C
  Relative segment, address: 4664 - 4665 (0x2 bytes), align: 0
  Segment part 7.             Intra module refs:   _GenldFullNoMb

    -------------------------------------------------------------------------
  LIBRARY MODULE, NAME : ?xsprout

  SEGMENTS IN THE MODULE
  ======================
<CODE> 1 (was CODE)
  Relative segment, address: E86E - E879 (0xc bytes), align: 1
  Segment part 2.
           ENTRY                   ADDRESS         REF BY
           =====                   =======         ======
           _SProut                 E86E            sprintf (?sprintf)




                ****************************************
                *                                      *
                *      SEGMENTS IN ADDRESS ORDER       *
                *                                      *
                ****************************************


SEGMENT              SPACE    START ADDRESS   END ADDRESS     SIZE  TYPE  ALIGN
=======              =====    =============   ===========     ====  ====  =====
DATA16_AN                              0000 - 0005               6   rel    0
                                       0018 - 001A               3 
                                       001F - 0020               2 
                                       0022 - 0022               1 
                                       0026 - 0026               1 
                                       0028 - 0028               1 
                                       002A - 002A               1 
                                       002E - 002E               1 
                                       0033 - 0033               1 
                                       0035 - 0037               3 
                                       0040 - 0040               1 
                                       0050 - 0050               1 
                                       0052 - 0053               2 
                                       0070 - 0071               2 
                                       0073 - 0079               7 
                                       007B - 0089               F 
                                       0090 - 00A3              14 
                                       0120 - 0121               2 
                                       0128 - 0129               2 
                                       012C - 012D               2 
                                       0140 - 0153              14 
                                       0160 - 0163               4 
                                       0172 - 0173               2 
                                       0180 - 0183               4 
                                       0192 - 0193               2 
                                       01A0 - 01A9               A 
DATA16_I                               0200 - 022B              2C   rel    1
DATA16_Z                               022C - 097E             753   rel    1
CSTACK                                 09B0 - 09FF              50   rel    1
DATA16_C                               4000 - 4665             666   rel    1
DATA16_ID                              4666 - 4691              2C   rel    1
CSTART                                 4692 - 46B9              28   rel    1
<CODE> 1                               46BA - E93D            A284   rel    1
INTVEC                                 FFE0 - FFFB              1C   com    1
RESET                                  FFFE - FFFF               2   rel    1

                ****************************************
                *                                      *
                *        END OF CROSS REFERENCE        *
                *                                      *
                ****************************************

 41 674 bytes of CODE  memory
  1 999 bytes of DATA  memory (+ 116 absolute )
  1 682 bytes of CONST memory

Errors: none
Warnings: none

